push 46                         	|	00	|	21	|	00 00 00 00 00 00 47 40 
pop [3520]                      	|	09	|	A2	|	00 00 00 00 00 80 AB 40 
push 44                         	|	12	|	21	|	00 00 00 00 00 00 46 40 
pop [3521]                      	|	1B	|	A2	|	00 00 00 00 00 82 AB 40 
push 45                         	|	24	|	21	|	00 00 00 00 00 80 46 40 
pop [3522]                      	|	2D	|	A2	|	00 00 00 00 00 84 AB 40 
push 126                        	|	36	|	21	|	00 00 00 00 00 80 5F 40 
pop [3523]                      	|	3F	|	A2	|	00 00 00 00 00 86 AB 40 
push 58                         	|	48	|	21	|	00 00 00 00 00 00 4D 40 
pop [3524]                      	|	51	|	A2	|	00 00 00 00 00 88 AB 40 
push 59                         	|	5A	|	21	|	00 00 00 00 00 80 4D 40 
pop [3525]                      	|	63	|	A2	|	00 00 00 00 00 8A AB 40 
push 61                         	|	6C	|	21	|	00 00 00 00 00 80 4E 40 
pop [3526]                      	|	75	|	A2	|	00 00 00 00 00 8C AB 40 
push 33                         	|	7E	|	21	|	00 00 00 00 00 80 40 40 
pop [3527]                      	|	87	|	A2	|	00 00 00 00 00 8E AB 40 
push 42                         	|	90	|	21	|	00 00 00 00 00 00 45 40 
pop [3528]                      	|	99	|	A2	|	00 00 00 00 00 90 AB 40 
push 35                         	|	A2	|	21	|	00 00 00 00 00 80 41 40 
pop [3529]                      	|	AB	|	A2	|	00 00 00 00 00 92 AB 40 
push 36                         	|	B4	|	21	|	00 00 00 00 00 00 42 40 
pop [3530]                      	|	BD	|	A2	|	00 00 00 00 00 94 AB 40 
push 64                         	|	C6	|	21	|	00 00 00 00 00 00 50 40 
pop [3531]                      	|	CF	|	A2	|	00 00 00 00 00 96 AB 40 
vrsetx 80                       	|	D8	|	2C	|	00 00 00 00 00 00 54 40 
vrsety 22                       	|	E1	|	2D	|	00 00 00 00 00 00 36 40 
vrsetstart 1760                 	|	EA	|	2E	|	00 00 00 00 00 80 9B 40 
start                           :	|	F3	|	LB	|	
clrbuf 1759                     	|	F3	|	31	|	00 00 00 00 00 7C 9B 40 
scrclr                          	|	FC	|	16	|	
push 0                          	|	FD	|	21	|	00 00 00 00 00 00 00 00 
pop ix                          	|	106	|	42	|	00 00 00 00 00 00 20 40 
push 0                          	|	10F	|	21	|	00 00 00 00 00 00 00 00 
pop jx                          	|	118	|	42	|	00 00 00 00 00 00 22 40 
outer_cycle                     :	|	121	|	LB	|	
    push 0                      	|	121	|	21	|	00 00 00 00 00 00 00 00 
    pop ix                      	|	12A	|	42	|	00 00 00 00 00 00 20 40 
    inner_cycle                 :	|	133	|	LB	|	
        call DrawDonutFrame     	|	133	|	2A	|	00 00 00 00 00 C0 7E 40 
        push ix                 	|	13C	|	41	|	00 00 00 00 00 00 20 40 
        push 0.02               	|	145	|	21	|	7B 14 AE 47 E1 7A 94 3F 
        add                     	|	14E	|	18	|	
        pop ix                  	|	14F	|	42	|	00 00 00 00 00 00 20 40 
        push ix                 	|	158	|	41	|	00 00 00 00 00 00 20 40 
        push 6.28               	|	161	|	21	|	1F 85 EB 51 B8 1E 19 40 
        jb inner_cycle          	|	16A	|	28	|	00 00 00 00 00 30 73 40 
        push jx                 	|	173	|	41	|	00 00 00 00 00 00 22 40 
        push 0.07               	|	17C	|	21	|	EC 51 B8 1E 85 EB B1 3F 
        add                     	|	185	|	18	|	
        pop jx                  	|	186	|	42	|	00 00 00 00 00 00 22 40 
        push jx                 	|	18F	|	41	|	00 00 00 00 00 00 22 40 
        push 6.28               	|	198	|	21	|	1F 85 EB 51 B8 1E 19 40 
        jb outer_cycle          	|	1A1	|	28	|	00 00 00 00 00 10 72 40 
push ax                         	|	1AA	|	41	|	00 00 00 00 00 00 00 00 
push 0.0704                     	|	1B3	|	21	|	2F 6E A3 01 BC 05 B2 3F 
add                             	|	1BC	|	18	|	
pop ax                          	|	1BD	|	42	|	00 00 00 00 00 00 00 00 
push bx                         	|	1C6	|	41	|	00 00 00 00 00 00 F0 3F 
push 0.0352                     	|	1CF	|	21	|	2F 6E A3 01 BC 05 A2 3F 
add                             	|	1D8	|	18	|	
pop bx                          	|	1D9	|	42	|	00 00 00 00 00 00 F0 3F 
scrupd                          	|	1E2	|	15	|	
jmp start                       	|	1E3	|	23	|	00 00 00 00 00 60 6E 40 
DrawDonutFrame                  :	|	1EC	|	LB	|	
    pop retx                    	|	1EC	|	42	|	00 00 00 00 00 00 37 40 
    push ix                     	|	1F5	|	41	|	00 00 00 00 00 00 20 40 
    sin                         	|	1FE	|	23	|	
    pop cx                      	|	1FF	|	42	|	00 00 00 00 00 00 00 40 
    push jx                     	|	208	|	41	|	00 00 00 00 00 00 22 40 
    cos                         	|	211	|	24	|	
    pop dx                      	|	212	|	42	|	00 00 00 00 00 00 08 40 
    push ax                     	|	21B	|	41	|	00 00 00 00 00 00 00 00 
    sin                         	|	224	|	23	|	
    pop ex                      	|	225	|	42	|	00 00 00 00 00 00 10 40 
    push jx                     	|	22E	|	41	|	00 00 00 00 00 00 22 40 
    sin                         	|	237	|	23	|	
    pop fx                      	|	238	|	42	|	00 00 00 00 00 00 14 40 
    push ax                     	|	241	|	41	|	00 00 00 00 00 00 00 00 
    cos                         	|	24A	|	24	|	
    pop gx                      	|	24B	|	42	|	00 00 00 00 00 00 18 40 
    push dx                     	|	254	|	41	|	00 00 00 00 00 00 08 40 
    push 2                      	|	25D	|	21	|	00 00 00 00 00 00 00 40 
    add                         	|	266	|	18	|	
    pop hx                      	|	267	|	42	|	00 00 00 00 00 00 1C 40 
    push 1                      	|	270	|	21	|	00 00 00 00 00 00 F0 3F 
    push cx                     	|	279	|	41	|	00 00 00 00 00 00 00 40 
    push hx                     	|	282	|	41	|	00 00 00 00 00 00 1C 40 
    push ex                     	|	28B	|	41	|	00 00 00 00 00 00 10 40 
    mul                         	|	294	|	21	|	
    mul                         	|	295	|	21	|	
    push fx                     	|	296	|	41	|	00 00 00 00 00 00 14 40 
    push gx                     	|	29F	|	41	|	00 00 00 00 00 00 18 40 
    mul                         	|	2A8	|	21	|	
    push 5                      	|	2A9	|	21	|	00 00 00 00 00 00 14 40 
    add                         	|	2B2	|	18	|	
    add                         	|	2B3	|	18	|	
    div                         	|	2B4	|	20	|	
    pop qx                      	|	2B5	|	42	|	00 00 00 00 00 00 30 40 
    push ix                     	|	2BE	|	41	|	00 00 00 00 00 00 20 40 
    cos                         	|	2C7	|	24	|	
    pop lx                      	|	2C8	|	42	|	00 00 00 00 00 00 26 40 
    push bx                     	|	2D1	|	41	|	00 00 00 00 00 00 F0 3F 
    cos                         	|	2DA	|	24	|	
    pop mx                      	|	2DB	|	42	|	00 00 00 00 00 00 28 40 
    push bx                     	|	2E4	|	41	|	00 00 00 00 00 00 F0 3F 
    sin                         	|	2ED	|	23	|	
    pop nx                      	|	2EE	|	42	|	00 00 00 00 00 00 2A 40 
    push cx                     	|	2F7	|	41	|	00 00 00 00 00 00 00 40 
    push hx                     	|	300	|	41	|	00 00 00 00 00 00 1C 40 
    push gx                     	|	309	|	41	|	00 00 00 00 00 00 18 40 
    mul                         	|	312	|	21	|	
    mul                         	|	313	|	21	|	
    push fx                     	|	314	|	41	|	00 00 00 00 00 00 14 40 
    push ex                     	|	31D	|	41	|	00 00 00 00 00 00 10 40 
    mul                         	|	326	|	21	|	
    sub                         	|	327	|	19	|	
    pop tx                      	|	328	|	42	|	00 00 00 00 00 00 33 40 
    push lx                     	|	331	|	41	|	00 00 00 00 00 00 26 40 
    push hx                     	|	33A	|	41	|	00 00 00 00 00 00 1C 40 
    push mx                     	|	343	|	41	|	00 00 00 00 00 00 28 40 
    mul                         	|	34C	|	21	|	
    mul                         	|	34D	|	21	|	
    push tx                     	|	34E	|	41	|	00 00 00 00 00 00 33 40 
    push nx                     	|	357	|	41	|	00 00 00 00 00 00 2A 40 
    mul                         	|	360	|	21	|	
    sub                         	|	361	|	19	|	
    push qx                     	|	362	|	41	|	00 00 00 00 00 00 30 40 
    push 30                     	|	36B	|	21	|	00 00 00 00 00 00 3E 40 
    mul                         	|	374	|	21	|	
    mul                         	|	375	|	21	|	
    push 40                     	|	376	|	21	|	00 00 00 00 00 00 44 40 
    add                         	|	37F	|	18	|	
    rnd                         	|	380	|	25	|	
    pop xx                      	|	381	|	42	|	00 00 00 00 00 00 34 40 
    push lx                     	|	38A	|	41	|	00 00 00 00 00 00 26 40 
    push hx                     	|	393	|	41	|	00 00 00 00 00 00 1C 40 
    push nx                     	|	39C	|	41	|	00 00 00 00 00 00 2A 40 
    mul                         	|	3A5	|	21	|	
    mul                         	|	3A6	|	21	|	
    push tx                     	|	3A7	|	41	|	00 00 00 00 00 00 33 40 
    push mx                     	|	3B0	|	41	|	00 00 00 00 00 00 28 40 
    mul                         	|	3B9	|	21	|	
    add                         	|	3BA	|	18	|	
    push qx                     	|	3BB	|	41	|	00 00 00 00 00 00 30 40 
    push 15                     	|	3C4	|	21	|	00 00 00 00 00 00 2E 40 
    mul                         	|	3CD	|	21	|	
    mul                         	|	3CE	|	21	|	
    push 12                     	|	3CF	|	21	|	00 00 00 00 00 00 28 40 
    add                         	|	3D8	|	18	|	
    rnd                         	|	3D9	|	25	|	
    pop yx                      	|	3DA	|	42	|	00 00 00 00 00 00 35 40 
    push yx                     	|	3E3	|	41	|	00 00 00 00 00 00 35 40 
    push 80                     	|	3EC	|	21	|	00 00 00 00 00 00 54 40 
    mul                         	|	3F5	|	21	|	
    push xx                     	|	3F6	|	41	|	00 00 00 00 00 00 34 40 
    add                         	|	3FF	|	18	|	
    pop ox                      	|	400	|	42	|	00 00 00 00 00 00 2C 40 
    push fx                     	|	409	|	41	|	00 00 00 00 00 00 14 40 
    push ex                     	|	412	|	41	|	00 00 00 00 00 00 10 40 
    mul                         	|	41B	|	21	|	
    push cx                     	|	41C	|	41	|	00 00 00 00 00 00 00 40 
    push dx                     	|	425	|	41	|	00 00 00 00 00 00 08 40 
    push gx                     	|	42E	|	41	|	00 00 00 00 00 00 18 40 
    mul                         	|	437	|	21	|	
    mul                         	|	438	|	21	|	
    sub                         	|	439	|	19	|	
    push mx                     	|	43A	|	41	|	00 00 00 00 00 00 28 40 
    mul                         	|	443	|	21	|	
    push cx                     	|	444	|	41	|	00 00 00 00 00 00 00 40 
    push dx                     	|	44D	|	41	|	00 00 00 00 00 00 08 40 
    push ex                     	|	456	|	41	|	00 00 00 00 00 00 10 40 
    mul                         	|	45F	|	21	|	
    mul                         	|	460	|	21	|	
    sub                         	|	461	|	19	|	
    push fx                     	|	462	|	41	|	00 00 00 00 00 00 14 40 
    push gx                     	|	46B	|	41	|	00 00 00 00 00 00 18 40 
    mul                         	|	474	|	21	|	
    sub                         	|	475	|	19	|	
    push lx                     	|	476	|	41	|	00 00 00 00 00 00 26 40 
    push dx                     	|	47F	|	41	|	00 00 00 00 00 00 08 40 
    push nx                     	|	488	|	41	|	00 00 00 00 00 00 2A 40 
    mul                         	|	491	|	21	|	
    mul                         	|	492	|	21	|	
    sub                         	|	493	|	19	|	
    push 8                      	|	494	|	21	|	00 00 00 00 00 00 20 40 
    mul                         	|	49D	|	21	|	
    rnd                         	|	49E	|	25	|	
    pop sx                      	|	49F	|	42	|	00 00 00 00 00 00 32 40 
    push 22                     	|	4A8	|	21	|	00 00 00 00 00 00 36 40 
    push yx                     	|	4B1	|	41	|	00 00 00 00 00 00 35 40 
    jbe end_loop                	|	4BA	|	29	|	00 00 00 00 00 E0 96 40 
    push yx                     	|	4C3	|	41	|	00 00 00 00 00 00 35 40 
    push 0                      	|	4CC	|	21	|	00 00 00 00 00 00 00 00 
    jbe end_loop                	|	4D5	|	29	|	00 00 00 00 00 E0 96 40 
    push xx                     	|	4DE	|	41	|	00 00 00 00 00 00 34 40 
    push 0                      	|	4E7	|	21	|	00 00 00 00 00 00 00 00 
    jbe end_loop                	|	4F0	|	29	|	00 00 00 00 00 E0 96 40 
    push 80                     	|	4F9	|	21	|	00 00 00 00 00 00 54 40 
    push xx                     	|	502	|	41	|	00 00 00 00 00 00 34 40 
    jbe end_loop                	|	50B	|	29	|	00 00 00 00 00 E0 96 40 
    push qx                     	|	514	|	41	|	00 00 00 00 00 00 30 40 
    push [ox]                   	|	51D	|	C1	|	00 00 00 00 00 00 2C 40 
    jbe end_loop                	|	526	|	29	|	00 00 00 00 00 E0 96 40 
    push sx                     	|	52F	|	41	|	00 00 00 00 00 00 32 40 
    push 0                      	|	538	|	21	|	00 00 00 00 00 00 00 00 
    ja s_above                  	|	541	|	26	|	00 00 00 00 00 70 95 40 
    push 0                      	|	54A	|	21	|	00 00 00 00 00 00 00 00 
    pop sx                      	|	553	|	42	|	00 00 00 00 00 00 32 40 
    s_above                     :	|	55C	|	LB	|	
        push qx                 	|	55C	|	41	|	00 00 00 00 00 00 30 40 
        pop [ox]                	|	565	|	C2	|	00 00 00 00 00 00 2C 40 
        push sx                 	|	56E	|	41	|	00 00 00 00 00 00 32 40 
        push 3520               	|	577	|	21	|	00 00 00 00 00 80 AB 40 
        add                     	|	580	|	18	|	
        pop sx                  	|	581	|	42	|	00 00 00 00 00 00 32 40 
        push 1760               	|	58A	|	21	|	00 00 00 00 00 80 9B 40 
        push ox                 	|	593	|	41	|	00 00 00 00 00 00 2C 40 
        add                     	|	59C	|	18	|	
        pop ox                  	|	59D	|	42	|	00 00 00 00 00 00 2C 40 
        push [sx]               	|	5A6	|	C1	|	00 00 00 00 00 00 32 40 
        pop [ox]                	|	5AF	|	C2	|	00 00 00 00 00 00 2C 40 
    end_loop                    :	|	5B8	|	LB	|	
        push retx               	|	5B8	|	41	|	00 00 00 00 00 00 37 40 
        ret                     	|	5C1	|	11	|	
