in                              	|	00	|	22	|	
in                              	|	01	|	22	|	
in                              	|	02	|	22	|	
pop cx                          	|	03	|	42	|	00 00 00 00 00 00 00 40 
pop bx                          	|	0C	|	42	|	00 00 00 00 00 00 F0 3F 
pop ax                          	|	15	|	42	|	00 00 00 00 00 00 00 00 
push 0                          	|	1E	|	21	|	00 00 00 00 00 00 00 00 
push ax                         	|	27	|	41	|	00 00 00 00 00 00 00 00 
jne a_isnt_zero                 	|	30	|	25	|	00 00 00 00 00 C0 65 40 
push 0                          	|	39	|	21	|	00 00 00 00 00 00 00 00 
push bx                         	|	42	|	41	|	00 00 00 00 00 00 F0 3F 
jne b_isnt_zero_a_zero          	|	4B	|	25	|	00 00 00 00 00 A0 60 40 
push 0                          	|	54	|	21	|	00 00 00 00 00 00 00 00 
push cx                         	|	5D	|	41	|	00 00 00 00 00 00 00 40 
jne c_isnt_zero_b_zero_a_zero   	|	66	|	25	|	00 00 00 00 00 80 5E 40 
push -2                         	|	6F	|	21	|	00 00 00 00 00 00 00 C0 
out                             	|	78	|	21	|	
hlt                             	|	79	|	00	|	
c_isnt_zero_b_zero_a_zero       	|	7A	|	LB	|	
push -1                         	|	7A	|	21	|	00 00 00 00 00 00 F0 BF 
out                             	|	83	|	21	|	
hlt                             	|	84	|	00	|	
b_isnt_zero_a_zero              	|	85	|	LB	|	
push 1                          	|	85	|	21	|	00 00 00 00 00 00 F0 3F 
out                             	|	8E	|	21	|	
push cx                         	|	8F	|	41	|	00 00 00 00 00 00 00 40 
push bx                         	|	98	|	41	|	00 00 00 00 00 00 F0 3F 
push -1                         	|	A1	|	21	|	00 00 00 00 00 00 F0 BF 
mul                             	|	AA	|	20	|	
div                             	|	AB	|	19	|	
out                             	|	AC	|	21	|	
hlt                             	|	AD	|	00	|	
a_isnt_zero                     	|	AE	|	LB	|	
push bx                         	|	AE	|	41	|	00 00 00 00 00 00 F0 3F 
push bx                         	|	B7	|	41	|	00 00 00 00 00 00 F0 3F 
mul                             	|	C0	|	20	|	
push 4                          	|	C1	|	21	|	00 00 00 00 00 00 10 40 
push ax                         	|	CA	|	41	|	00 00 00 00 00 00 00 00 
push cx                         	|	D3	|	41	|	00 00 00 00 00 00 00 40 
mul                             	|	DC	|	20	|	
mul                             	|	DD	|	20	|	
sub                             	|	DE	|	18	|	
pop dx                          	|	DF	|	42	|	00 00 00 00 00 00 08 40 
push dx                         	|	E8	|	41	|	00 00 00 00 00 00 08 40 
push 0                          	|	F1	|	21	|	00 00 00 00 00 00 00 00 
ja diskr_above_zero             	|	FA	|	26	|	00 00 00 00 00 C0 75 40 
push 0                          	|	103	|	21	|	00 00 00 00 00 00 00 00 
push dx                         	|	10C	|	41	|	00 00 00 00 00 00 08 40 
je diskr_is_zero                	|	115	|	24	|	00 00 00 00 00 90 72 40 
push -1                         	|	11E	|	21	|	00 00 00 00 00 00 F0 BF 
out                             	|	127	|	21	|	
hlt                             	|	128	|	00	|	
diskr_is_zero                   	|	129	|	LB	|	
push 1                          	|	129	|	21	|	00 00 00 00 00 00 F0 3F 
out                             	|	132	|	21	|	
push bx                         	|	133	|	41	|	00 00 00 00 00 00 F0 3F 
push -1                         	|	13C	|	21	|	00 00 00 00 00 00 F0 BF 
mul                             	|	145	|	20	|	
push 2                          	|	146	|	21	|	00 00 00 00 00 00 00 40 
push ax                         	|	14F	|	41	|	00 00 00 00 00 00 00 00 
mul                             	|	158	|	20	|	
div                             	|	159	|	19	|	
out                             	|	15A	|	21	|	
hlt                             	|	15B	|	00	|	
diskr_above_zero                	|	15C	|	LB	|	
push 2                          	|	15C	|	21	|	00 00 00 00 00 00 00 40 
out                             	|	165	|	21	|	
push bx                         	|	166	|	41	|	00 00 00 00 00 00 F0 3F 
push -1                         	|	16F	|	21	|	00 00 00 00 00 00 F0 BF 
mul                             	|	178	|	20	|	
push dx                         	|	179	|	41	|	00 00 00 00 00 00 08 40 
sqrt                            	|	182	|	16	|	
add                             	|	183	|	17	|	
push 2                          	|	184	|	21	|	00 00 00 00 00 00 00 40 
push ax                         	|	18D	|	41	|	00 00 00 00 00 00 00 00 
mul                             	|	196	|	20	|	
div                             	|	197	|	19	|	
out                             	|	198	|	21	|	
push bx                         	|	199	|	41	|	00 00 00 00 00 00 F0 3F 
push -1                         	|	1A2	|	21	|	00 00 00 00 00 00 F0 BF 
mul                             	|	1AB	|	20	|	
push dx                         	|	1AC	|	41	|	00 00 00 00 00 00 08 40 
sqrt                            	|	1B5	|	16	|	
sub                             	|	1B6	|	18	|	
push 2                          	|	1B7	|	21	|	00 00 00 00 00 00 00 40 
push ax                         	|	1C0	|	41	|	00 00 00 00 00 00 00 00 
mul                             	|	1C9	|	20	|	
div                             	|	1CA	|	19	|	
out                             	|	1CB	|	21	|	
hlt                             	|	1CC	|	00	|	
